This is pdfTeX, Version 3.141592653-2.6-1.40.29 (MiKTeX 26.5) (preloaded format=pdflatex 2026.8.14)  15 AUG 2026 21:02
entering extended mode
 restricted \write18 enabled.
 %&-line parsing enabled.
**./main.tex
(main.tex
LaTeX2e <2025-11-01>
L3 programming layer <2025-12-24>
(D:\New folder\tex/latex/beamer\beamer.cls
Document Class: beamer 2026/01/22 v3.77 A class for typesetting presentations
(D:\New folder\tex/latex/beamer\beamerbasemodes.sty
(D:\New folder\tex/latex/etoolbox\etoolbox.sty
Package: etoolbox 2025/10/02 v2.5m e-TeX tools for LaTeX (JAW)
\etb@tempcnta=\count275
)
\beamer@tempbox=\box53
\beamer@tempcount=\count276
\c@beamerpauses=\count277

(D:\New folder\tex/latex/beamer\beamerbasedecode.sty
\beamer@slideinframe=\count278
\beamer@minimum=\count279
\beamer@decode@box=\box54
)
\beamer@commentbox=\box55
\beamer@modecount=\count280
)
(D:\New folder\tex/generic/iftex\iftex.sty
Package: iftex 2024/12/12 v1.0g TeX engine tests
)
\headdp=\dimen148
\footheight=\dimen149
\sidebarheight=\dimen150
\beamer@tempdim=\dimen151
\beamer@finalheight=\dimen152
\beamer@animht=\dimen153
\beamer@animdp=\dimen154
\beamer@animwd=\dimen155
\beamer@leftmargin=\dimen156
\beamer@rightmargin=\dimen157
\beamer@leftsidebar=\dimen158
\beamer@rightsidebar=\dimen159
\beamer@boxsize=\dimen160
\beamer@vboxoffset=\dimen161
\beamer@descdefault=\dimen162
\beamer@descriptionwidth=\dimen163
\beamer@lastskip=\skip49
\beamer@areabox=\box56
\beamer@animcurrent=\box57
\beamer@animshowbox=\box58
\beamer@sectionbox=\box59
\beamer@logobox=\box60
\beamer@linebox=\box61
\beamer@sectioncount=\count281
\beamer@subsubsectionmax=\count282
\beamer@subsectionmax=\count283
\beamer@sectionmax=\count284
\beamer@totalheads=\count285
\beamer@headcounter=\count286
\beamer@partstartpage=\count287
\beamer@sectionstartpage=\count288
\beamer@subsectionstartpage=\count289
\beamer@animationtempa=\count290
\beamer@animationtempb=\count291
\beamer@xpos=\count292
\beamer@ypos=\count293
\beamer@ypos@offset=\count294
\beamer@showpartnumber=\count295
\beamer@currentsubsection=\count296
\beamer@coveringdepth=\count297
\beamer@sectionadjust=\count298
\beamer@toclastsection=\count299
\beamer@tocsectionnumber=\count300

(D:\New folder\tex/latex/beamer\beamerbaseoptions.sty
(D:\New folder\tex/latex/graphics\keyval.sty
Package: keyval 2022/05/29 v1.15 key=value parser (DPC)
\KV@toks@=\toks17
))
\beamer@paperwidth=\skip50
\beamer@paperheight=\skip51

(D:\New folder\tex/latex/geometry\geometry.sty
Package: geometry 2026/03/07 v6.0 Page Geometry

(D:\New folder\tex/generic/iftex\ifvtex.sty
Package: ifvtex 2019/10/25 v1.7 ifvtex legacy package. Use iftex instead.
)
\Gm@cnth=\count301
\Gm@cntv=\count302
\c@Gm@tempcnt=\count303
\Gm@bindingoffset=\dimen164
\Gm@wd@mp=\dimen165
\Gm@odd@mp=\dimen166
\Gm@even@mp=\dimen167
\Gm@layoutwidth=\dimen168
\Gm@layoutheight=\dimen169
\Gm@layouthoffset=\dimen170
\Gm@layoutvoffset=\dimen171
\Gm@dimlist=\toks18

(D:\New folder\tex/latex/geometry\geometry.cfg))
(D:\New folder\tex/latex/pgf/math\pgfmath.sty
(D:\New folder\tex/latex/pgf/utilities\pgfrcs.sty
(D:\New folder\tex/generic/pgf/utilities\pgfutil-common.tex
\pgfutil@everybye=\toks19
\pgfutil@tempdima=\dimen172
\pgfutil@tempdimb=\dimen173
)
(D:\New folder\tex/generic/pgf/utilities\pgfutil-latex.def
\pgfutil@abb=\box62
)
(D:\New folder\tex/generic/pgf/utilities\pgfrcs.code.tex
(D:\New folder\tex/generic/pgf\pgf.revision.tex)
Package: pgfrcs 2025-08-29 v3.1.11a (3.1.11a)
))
(D:\New folder\tex/latex/pgf/utilities\pgfkeys.sty
(D:\New folder\tex/generic/pgf/utilities\pgfkeys.code.tex
\pgfkeys@pathtoks=\toks20
\pgfkeys@temptoks=\toks21

(D:\New folder\tex/generic/pgf/utilities\pgfkeyslibraryfiltered.code.tex
\pgfkeys@tmptoks=\toks22
)))
(D:\New folder\tex/generic/pgf/math\pgfmath.code.tex
(D:\New folder\tex/generic/pgf/math\pgfmathutil.code.tex
\pgf@x=\dimen174
\pgf@xa=\dimen175
\pgf@xb=\dimen176
\pgf@xc=\dimen177
\pgf@y=\dimen178
\pgf@ya=\dimen179
\pgf@yb=\dimen180
\pgf@yc=\dimen181
\c@pgf@counta=\count304
\c@pgf@countb=\count305
\c@pgf@countc=\count306
\c@pgf@countd=\count307
)
(D:\New folder\tex/generic/pgf/math\pgfmathparser.code.tex
\pgfmath@dimen=\dimen182
\pgfmath@count=\count308
\pgfmath@box=\box63
\pgfmath@toks=\toks23
\pgfmath@stack@operand=\toks24
\pgfmath@stack@operation=\toks25
)
(D:\New folder\tex/generic/pgf/math\pgfmathfunctions.code.tex)
(D:\New folder\tex/generic/pgf/math\pgfmathfunctions.basic.code.tex)
(D:\New folder\tex/generic/pgf/math\pgfmathfunctions.trigonometric.code.tex)
(D:\New folder\tex/generic/pgf/math\pgfmathfunctions.random.code.tex)
(D:\New folder\tex/generic/pgf/math\pgfmathfunctions.comparison.code.tex)
(D:\New folder\tex/generic/pgf/math\pgfmathfunctions.base.code.tex)
(D:\New folder\tex/generic/pgf/math\pgfmathfunctions.round.code.tex)
(D:\New folder\tex/generic/pgf/math\pgfmathfunctions.misc.code.tex)
(D:\New folder\tex/generic/pgf/math\pgfmathfunctions.integerarithmetics.code.te
x) (D:\New folder\tex/generic/pgf/math\pgfmathcalc.code.tex)
(D:\New folder\tex/generic/pgf/math\pgfmathfloat.code.tex
\c@pgfmathroundto@lastzeros=\count309
)))
(D:\New folder\tex/latex/base\size10.clo
File: size10.clo 2025/01/22 v1.4n Standard LaTeX file (size option)
)
(D:\New folder\tex/latex/pgf/basiclayer\pgfcore.sty
(D:\New folder\tex/latex/graphics\graphicx.sty
Package: graphicx 2024/12/31 v1.2e Enhanced LaTeX Graphics (DPC,SPQR)

(D:\New folder\tex/latex/graphics\graphics.sty
Package: graphics 2024/08/06 v1.4g Standard LaTeX Graphics (DPC,SPQR)

(D:\New folder\tex/latex/graphics\trig.sty
Package: trig 2023/12/02 v1.11 sin cos tan (DPC)
)
(D:\New folder\tex/latex/graphics-cfg\graphics.cfg
File: graphics.cfg 2016/06/04 v1.11 sample graphics configuration
)
Package graphics Info: Driver file: pdftex.def on input line 106.

(D:\New folder\tex/latex/graphics-def\pdftex.def
File: pdftex.def 2025/09/29 v1.2d Graphics/color driver for pdftex
))
\Gin@req@height=\dimen183
\Gin@req@width=\dimen184
)
(D:\New folder\tex/latex/pgf/systemlayer\pgfsys.sty
(D:\New folder\tex/generic/pgf/systemlayer\pgfsys.code.tex
Package: pgfsys 2025-08-29 v3.1.11a (3.1.11a)
\pgf@x=\dimen185
\pgf@y=\dimen186
\pgf@xa=\dimen187
\pgf@ya=\dimen188
\pgf@xb=\dimen189
\pgf@yb=\dimen190
\pgf@xc=\dimen191
\pgf@yc=\dimen192
\pgf@xd=\dimen193
\pgf@yd=\dimen194
\w@pgf@writea=\write3
\r@pgf@reada=\read2
\c@pgf@counta=\count310
\c@pgf@countb=\count311
\c@pgf@countc=\count312
\c@pgf@countd=\count313
\t@pgf@toka=\toks26
\t@pgf@tokb=\toks27
\t@pgf@tokc=\toks28
\pgf@sys@id@count=\count314

(D:\New folder\tex/generic/pgf/systemlayer\pgf.cfg
File: pgf.cfg 2025-08-29 v3.1.11a (3.1.11a)
)
Driver file for pgf: pgfsys-pdftex.def

(D:\New folder\tex/generic/pgf/systemlayer\pgfsys-pdftex.def
File: pgfsys-pdftex.def 2025-08-29 v3.1.11a (3.1.11a)

(D:\New folder\tex/generic/pgf/systemlayer\pgfsys-common-pdf.def
File: pgfsys-common-pdf.def 2025-08-29 v3.1.11a (3.1.11a)
)))
(D:\New folder\tex/generic/pgf/systemlayer\pgfsyssoftpath.code.tex
File: pgfsyssoftpath.code.tex 2025-08-29 v3.1.11a (3.1.11a)
\pgfsyssoftpath@smallbuffer@items=\count315
\pgfsyssoftpath@bigbuffer@items=\count316
)
(D:\New folder\tex/generic/pgf/systemlayer\pgfsysprotocol.code.tex
File: pgfsysprotocol.code.tex 2025-08-29 v3.1.11a (3.1.11a)
))
(D:\New folder\tex/latex/xcolor\xcolor.sty
Package: xcolor 2024/09/29 v3.02 LaTeX color extensions (UK)

(D:\New folder\tex/latex/graphics-cfg\color.cfg
File: color.cfg 2016/01/02 v1.6 sample color configuration
)
Package xcolor Info: Driver file: pdftex.def on input line 274.

(D:\New folder\tex/latex/graphics\mathcolor.ltx)
Package xcolor Info: Model `cmy' substituted by `cmy0' on input line 1349.
Package xcolor Info: Model `hsb' substituted by `rgb' on input line 1353.
Package xcolor Info: Model `RGB' extended on input line 1365.
Package xcolor Info: Model `HTML' substituted by `rgb' on input line 1367.
Package xcolor Info: Model `Hsb' substituted by `hsb' on input line 1368.
Package xcolor Info: Model `tHsb' substituted by `hsb' on input line 1369.
Package xcolor Info: Model `HSB' substituted by `hsb' on input line 1370.
Package xcolor Info: Model `Gray' substituted by `gray' on input line 1371.
Package xcolor Info: Model `wave' substituted by `hsb' on input line 1372.
)
(D:\New folder\tex/generic/pgf/basiclayer\pgfcore.code.tex
Package: pgfcore 2025-08-29 v3.1.11a (3.1.11a)

(D:\New folder\tex/generic/pgf/math\pgfint.code.tex)
(D:\New folder\tex/generic/pgf/basiclayer\pgfcorepoints.code.tex
File: pgfcorepoints.code.tex 2025-08-29 v3.1.11a (3.1.11a)
\pgf@picminx=\dimen195
\pgf@picmaxx=\dimen196
\pgf@picminy=\dimen197
\pgf@picmaxy=\dimen198
\pgf@pathminx=\dimen199
\pgf@pathmaxx=\dimen256
\pgf@pathminy=\dimen257
\pgf@pathmaxy=\dimen258
\pgf@xx=\dimen259
\pgf@xy=\dimen260
\pgf@yx=\dimen261
\pgf@yy=\dimen262
\pgf@zx=\dimen263
\pgf@zy=\dimen264
)
(D:\New folder\tex/generic/pgf/basiclayer\pgfcorepathconstruct.code.tex
File: pgfcorepathconstruct.code.tex 2025-08-29 v3.1.11a (3.1.11a)
\pgf@path@lastx=\dimen265
\pgf@path@lasty=\dimen266
)
(D:\New folder\tex/generic/pgf/basiclayer\pgfcorepathusage.code.tex
File: pgfcorepathusage.code.tex 2025-08-29 v3.1.11a (3.1.11a)
\pgf@shorten@end@additional=\dimen267
\pgf@shorten@start@additional=\dimen268
)
(D:\New folder\tex/generic/pgf/basiclayer\pgfcorescopes.code.tex
File: pgfcorescopes.code.tex 2025-08-29 v3.1.11a (3.1.11a)
\pgfpic=\box64
\pgf@hbox=\box65
\pgf@layerbox@main=\box66
\pgf@picture@serial@count=\count317
)
(D:\New folder\tex/generic/pgf/basiclayer\pgfcoregraphicstate.code.tex
File: pgfcoregraphicstate.code.tex 2025-08-29 v3.1.11a (3.1.11a)
\pgflinewidth=\dimen269
)
(D:\New folder\tex/generic/pgf/basiclayer\pgfcoretransformations.code.tex
File: pgfcoretransformations.code.tex 2025-08-29 v3.1.11a (3.1.11a)
\pgf@pt@x=\dimen270
\pgf@pt@y=\dimen271
\pgf@pt@temp=\dimen272
)
(D:\New folder\tex/generic/pgf/basiclayer\pgfcorequick.code.tex
File: pgfcorequick.code.tex 2025-08-29 v3.1.11a (3.1.11a)
)
(D:\New folder\tex/generic/pgf/basiclayer\pgfcoreobjects.code.tex
File: pgfcoreobjects.code.tex 2025-08-29 v3.1.11a (3.1.11a)
)
(D:\New folder\tex/generic/pgf/basiclayer\pgfcorepathprocessing.code.tex
File: pgfcorepathprocessing.code.tex 2025-08-29 v3.1.11a (3.1.11a)
)
(D:\New folder\tex/generic/pgf/basiclayer\pgfcorearrows.code.tex
File: pgfcorearrows.code.tex 2025-08-29 v3.1.11a (3.1.11a)
\pgfarrowsep=\dimen273
)
(D:\New folder\tex/generic/pgf/basiclayer\pgfcoreshade.code.tex
File: pgfcoreshade.code.tex 2025-08-29 v3.1.11a (3.1.11a)
\pgf@max=\dimen274
\pgf@sys@shading@range@num=\count318
\pgf@shadingcount=\count319
)
(D:\New folder\tex/generic/pgf/basiclayer\pgfcoreimage.code.tex
File: pgfcoreimage.code.tex 2025-08-29 v3.1.11a (3.1.11a)
)
(D:\New folder\tex/generic/pgf/basiclayer\pgfcoreexternal.code.tex
File: pgfcoreexternal.code.tex 2025-08-29 v3.1.11a (3.1.11a)
\pgfexternal@startupbox=\box67
)
(D:\New folder\tex/generic/pgf/basiclayer\pgfcorelayers.code.tex
File: pgfcorelayers.code.tex 2025-08-29 v3.1.11a (3.1.11a)
)
(D:\New folder\tex/generic/pgf/basiclayer\pgfcoretransparency.code.tex
File: pgfcoretransparency.code.tex 2025-08-29 v3.1.11a (3.1.11a)
)
(D:\New folder\tex/generic/pgf/basiclayer\pgfcorepatterns.code.tex
File: pgfcorepatterns.code.tex 2025-08-29 v3.1.11a (3.1.11a)
)
(D:\New folder\tex/generic/pgf/basiclayer\pgfcorerdf.code.tex
File: pgfcorerdf.code.tex 2025-08-29 v3.1.11a (3.1.11a)
)))
(D:\New folder\tex/latex/pgf/utilities\xxcolor.sty
Package: xxcolor 2003/10/24 ver 0.1
\XC@nummixins=\count320
\XC@countmixins=\count321
)
(D:\New folder\tex/latex/base\atbegshi-ltx.sty
Package: atbegshi-ltx 2021/01/10 v1.0c Emulation of the original atbegshi
package with kernel methods
)
(D:\New folder\tex/latex/hyperref\hyperref.sty
Package: hyperref 2025-07-12 v7.01o Hypertext links for LaTeX

(D:\New folder\tex/latex/kvsetkeys\kvsetkeys.sty
Package: kvsetkeys 2022-10-05 v1.19 Key value parser (HO)
)
(D:\New folder\tex/generic/kvdefinekeys\kvdefinekeys.sty
Package: kvdefinekeys 2019-12-19 v1.6 Define keys (HO)
)
(D:\New folder\tex/generic/pdfescape\pdfescape.sty
Package: pdfescape 2019/12/09 v1.15 Implements pdfTeX's escape features (HO)

(D:\New folder\tex/generic/ltxcmds\ltxcmds.sty
Package: ltxcmds 2023-12-04 v1.26 LaTeX kernel commands for general use (HO)
)
(D:\New folder\tex/generic/pdftexcmds\pdftexcmds.sty
Package: pdftexcmds 2020-06-27 v0.33 Utility functions of pdfTeX for LuaTeX (HO
)

(D:\New folder\tex/generic/infwarerr\infwarerr.sty
Package: infwarerr 2019/12/03 v1.5 Providing info/warning/error messages (HO)
)
Package pdftexcmds Info: \pdf@primitive is available.
Package pdftexcmds Info: \pdf@ifprimitive is available.
Package pdftexcmds Info: \pdfdraftmode found.
))
(D:\New folder\tex/latex/hycolor\hycolor.sty
Package: hycolor 2020-01-27 v1.10 Color options for hyperref/bookmark (HO)
)
(D:\New folder\tex/latex/hyperref\nameref.sty
Package: nameref 2025-06-21 v2.57 Cross-referencing by name of section

(D:\New folder\tex/latex/refcount\refcount.sty
Package: refcount 2019/12/15 v3.6 Data extraction from label references (HO)
)
(D:\New folder\tex/generic/gettitlestring\gettitlestring.sty
Package: gettitlestring 2019/12/15 v1.6 Cleanup title references (HO)

(D:\New folder\tex/latex/kvoptions\kvoptions.sty
Package: kvoptions 2022-06-15 v3.15 Key value format for package options (HO)
))
\c@section@level=\count322
)
(D:\New folder\tex/generic/stringenc\stringenc.sty
Package: stringenc 2019/11/29 v1.12 Convert strings between diff. encodings (HO
)
)
\@linkdim=\dimen275
\Hy@linkcounter=\count323
\Hy@pagecounter=\count324

(D:\New folder\tex/latex/hyperref\pd1enc.def
File: pd1enc.def 2025-07-12 v7.01o Hyperref: PDFDocEncoding definition (HO)
Now handling font encoding PD1 ...
... no UTF-8 mapping file for font encoding PD1
)
(D:\New folder\tex/generic/intcalc\intcalc.sty
Package: intcalc 2019/12/15 v1.3 Expandable calculations with integers (HO)
)
\Hy@SavedSpaceFactor=\count325

(D:\New folder\tex/latex/hyperref\puenc.def
File: puenc.def 2025-07-12 v7.01o Hyperref: PDF Unicode definition (HO)
Now handling font encoding PU ...
... no UTF-8 mapping file for font encoding PU
)
Package hyperref Info: Option `bookmarks' set `true' on input line 4066.
Package hyperref Info: Option `bookmarksopen' set `true' on input line 4066.
Package hyperref Info: Option `implicit' set `false' on input line 4066.
Package hyperref Info: Hyper figures OFF on input line 4195.
Package hyperref Info: Link nesting OFF on input line 4200.
Package hyperref Info: Hyper index ON on input line 4203.
Package hyperref Info: Plain pages OFF on input line 4210.
Package hyperref Info: Backreferencing OFF on input line 4215.
Package hyperref Info: Implicit mode OFF; no redefinition of LaTeX internals.
Package hyperref Info: Bookmarks ON on input line 4462.
\c@Hy@tempcnt=\count326

(D:\New folder\tex/latex/url\url.sty
\Urlmuskip=\muskip17
Package: url 2013/09/16  ver 3.4  Verb mode for urls, etc.
)
LaTeX Info: Redefining \url on input line 4801.
\XeTeXLinkMargin=\dimen276

(D:\New folder\tex/generic/bitset\bitset.sty
Package: bitset 2019/12/09 v1.3 Handle bit-vector datatype (HO)

(D:\New folder\tex/generic/bigintcalc\bigintcalc.sty
Package: bigintcalc 2019/12/15 v1.5 Expandable calculations on big integers (HO
)
))
\Fld@menulength=\count327
\Field@Width=\dimen277
\Fld@charsize=\dimen278
Package hyperref Info: Hyper figures OFF on input line 6078.
Package hyperref Info: Link nesting OFF on input line 6083.
Package hyperref Info: Hyper index ON on input line 6086.
Package hyperref Info: backreferencing OFF on input line 6093.
Package hyperref Info: Link coloring OFF on input line 6098.
Package hyperref Info: Link coloring with OCG OFF on input line 6103.
Package hyperref Info: PDF/A mode OFF on input line 6108.
\Hy@abspage=\count328


Package hyperref Message: Stopped early.

)
Package hyperref Info: Driver (autodetected): hpdftex.
 (D:\New folder\tex/latex/hyperref\hpdftex.def
File: hpdftex.def 2025-07-12 v7.01o Hyperref driver for pdfTeX
\Fld@listcount=\count329
\c@bookmark@seq@number=\count330

(D:\New folder\tex/latex/rerunfilecheck\rerunfilecheck.sty
Package: rerunfilecheck 2025-06-21 v1.11 Rerun checks for auxiliary files (HO)

(D:\New folder\tex/generic/uniquecounter\uniquecounter.sty
Package: uniquecounter 2019/12/15 v1.4 Provide unlimited unique counter (HO)
)
Package uniquecounter Info: New unique counter `rerunfilecheck' on input line 2
84.
))
(D:\New folder\tex/latex/beamer\beamerbaserequires.sty
(D:\New folder\tex/latex/beamer\beamerbasecompatibility.sty)
(D:\New folder\tex/latex/beamer\beamerbasefont.sty
(D:\New folder\tex/latex/amsfonts\amssymb.sty
Package: amssymb 2013/01/14 v3.01 AMS font symbols

(D:\New folder\tex/latex/amsfonts\amsfonts.sty
Package: amsfonts 2013/01/14 v3.01 Basic AMSFonts support
\@emptytoks=\toks29
\symAMSa=\mathgroup4
\symAMSb=\mathgroup5
LaTeX Font Info:    Redeclaring math symbol \hbar on input line 98.
LaTeX Font Info:    Overwriting math alphabet `\mathfrak' in version `bold'
(Font)                  U/euf/m/n --> U/euf/b/n on input line 106.
))
(D:\New folder\tex/latex/sansmathaccent\sansmathaccent.sty
Package: sansmathaccent 2020/01/31

(D:\New folder\tex/latex/koma-script\scrlfile.sty
Package: scrlfile 2026/02/02 v3.49.2 KOMA-Script package (file load hooks)

(D:\New folder\tex/latex/koma-script\scrlfile-hook.sty
Package: scrlfile-hook 2026/02/02 v3.49.2 KOMA-Script package (using LaTeX hook
s)

(D:\New folder\tex/latex/koma-script\scrlogo.sty
Package: scrlogo 2026/02/02 v3.49.2 KOMA-Script package (logo)
)))))
(D:\New folder\tex/latex/beamer\beamerbasetranslator.sty
(D:\New folder\tex/latex/translator\translator.sty
Package: translator 2021-05-31 v1.12d Easy translation of strings in LaTeX
))
(D:\New folder\tex/latex/beamer\beamerbasemisc.sty)
(D:\New folder\tex/latex/beamer\beamerbasetwoscreens.sty)
(D:\New folder\tex/latex/beamer\beamerbaseoverlay.sty
\beamer@argscount=\count331
\beamer@lastskipcover=\skip52
\beamer@trivlistdepth=\count332
)
(D:\New folder\tex/latex/beamer\beamerbasetitle.sty)
(D:\New folder\tex/latex/beamer\beamerbasesection.sty
\c@lecture=\count333
\c@part=\count334
\c@section=\count335
\c@subsection=\count336
\c@subsubsection=\count337
)
(D:\New folder\tex/latex/beamer\beamerbaseframe.sty
\beamer@framebox=\box68
\beamer@frametitlebox=\box69
\beamer@zoombox=\box70
\beamer@zoomcount=\count338
\beamer@zoomframecount=\count339
\beamer@frametextheight=\dimen279
\c@subsectionslide=\count340
\beamer@frametopskip=\skip53
\beamer@framebottomskip=\skip54
\beamer@frametopskipautobreak=\skip55
\beamer@framebottomskipautobreak=\skip56
\beamer@envbody=\toks30
\framewidth=\dimen280
\c@framenumber=\count341
)
(D:\New folder\tex/latex/beamer\beamerbaseverbatim.sty
\beamer@verbatimfileout=\write4
)
(D:\New folder\tex/latex/beamer\beamerbaseframesize.sty
\beamer@splitbox=\box71
\beamer@autobreakcount=\count342
\beamer@autobreaklastheight=\dimen281
\beamer@frametitletoks=\toks31
\beamer@framesubtitletoks=\toks32
)
(D:\New folder\tex/latex/beamer\beamerbaseframecomponents.sty
\beamer@colheight=\skip57
\beamer@footins=\box72
)
(D:\New folder\tex/latex/beamer\beamerbasecolor.sty)
(D:\New folder\tex/latex/beamer\beamerbasenotes.sty
\beamer@frameboxcopy=\box73
)
(D:\New folder\tex/latex/beamer\beamerbasetoc.sty)
(D:\New folder\tex/latex/beamer\beamerbasetemplates.sty
\beamer@sbttoks=\toks33

(D:\New folder\tex/latex/beamer\beamerbaseauxtemplates.sty
(D:\New folder\tex/latex/beamer\beamerbaseboxes.sty
\bmb@box=\box74
\bmb@colorbox=\box75
\bmb@boxwidth=\dimen282
\bmb@boxheight=\dimen283
\bmb@prevheight=\dimen284
\bmb@temp=\dimen285
\bmb@dima=\dimen286
\bmb@dimb=\dimen287
\bmb@prevheight=\dimen288
)
\beamer@blockheadheight=\dimen289
))
(D:\New folder\tex/latex/beamer\beamerbaselocalstructure.sty
(D:\New folder\tex/latex/tools\enumerate.sty
Package: enumerate 2023/07/04 v3.00 enumerate extensions (DPC)
\@enLab=\toks34
)
\beamer@bibiconwidth=\skip58
\c@figure=\count343
\c@table=\count344
\abovecaptionskip=\skip59
\belowcaptionskip=\skip60
)
(D:\New folder\tex/latex/beamer\beamerbasenavigation.sty
(D:\New folder\tex/latex/beamer\beamerbasenavigationsymbols.tex)
\beamer@section@min@dim=\dimen290
)
(D:\New folder\tex/latex/beamer\beamerbasetheorems.sty
(D:\New folder\tex/latex/amsmath\amsmath.sty
Package: amsmath 2025/07/09 v2.17z AMS math features
\@mathmargin=\skip61

For additional information on amsmath, use the `?' option.
(D:\New folder\tex/latex/amsmath\amstext.sty
Package: amstext 2024/11/17 v2.01 AMS text

(D:\New folder\tex/latex/amsmath\amsgen.sty
File: amsgen.sty 1999/11/30 v2.0 generic functions
\@emptytoks=\toks35
\ex@=\dimen291
))
(D:\New folder\tex/latex/amsmath\amsbsy.sty
Package: amsbsy 1999/11/29 v1.2d Bold Symbols
\pmbraise@=\dimen292
)
(D:\New folder\tex/latex/amsmath\amsopn.sty
Package: amsopn 2022/04/08 v2.04 operator names
)
\inf@bad=\count345
LaTeX Info: Redefining \frac on input line 233.
\uproot@=\count346
\leftroot@=\count347
LaTeX Info: Redefining \overline on input line 398.
LaTeX Info: Redefining \colon on input line 409.
\classnum@=\count348
\DOTSCASE@=\count349
LaTeX Info: Redefining \ldots on input line 495.
LaTeX Info: Redefining \dots on input line 498.
LaTeX Info: Redefining \cdots on input line 619.
\Mathstrutbox@=\box76
\strutbox@=\box77
LaTeX Info: Redefining \big on input line 721.
LaTeX Info: Redefining \Big on input line 722.
LaTeX Info: Redefining \bigg on input line 723.
LaTeX Info: Redefining \Bigg on input line 724.
\big@size=\dimen293
LaTeX Font Info:    Redeclaring font encoding OML on input line 742.
LaTeX Font Info:    Redeclaring font encoding OMS on input line 743.
\macc@depth=\count350
LaTeX Info: Redefining \bmod on input line 904.
LaTeX Info: Redefining \pmod on input line 909.
LaTeX Info: Redefining \smash on input line 939.
LaTeX Info: Redefining \relbar on input line 969.
LaTeX Info: Redefining \Relbar on input line 970.
\c@MaxMatrixCols=\count351
\dotsspace@=\muskip18
\c@parentequation=\count352
\dspbrk@lvl=\count353
\tag@help=\toks36
\row@=\count354
\column@=\count355
\maxfields@=\count356
\andhelp@=\toks37
\eqnshift@=\dimen294
\alignsep@=\dimen295
\tagshift@=\dimen296
\tagwidth@=\dimen297
\totwidth@=\dimen298
\lineht@=\dimen299
\@envbody=\toks38
\multlinegap=\skip62
\multlinetaggap=\skip63
\mathdisplay@stack=\toks39
LaTeX Info: Redefining \[ on input line 2950.
LaTeX Info: Redefining \] on input line 2951.
)
(D:\New folder\tex/latex/amscls\amsthm.sty
Package: amsthm 2020/05/29 v2.20.6
\thm@style=\toks40
\thm@bodyfont=\toks41
\thm@headfont=\toks42
\thm@notefont=\toks43
\thm@headpunct=\toks44
\thm@preskip=\skip64
\thm@postskip=\skip65
\thm@headsep=\skip66
\dth@everypar=\toks45
)
\c@theorem=\count357
)
(D:\New folder\tex/latex/beamer\beamerbasethemes.sty))
(D:\New folder\tex/latex/beamer\beamerthemedefault.sty
(D:\New folder\tex/latex/beamer\beamerfontthemedefault.sty)
(D:\New folder\tex/latex/beamer\beamercolorthemedefault.sty)
(D:\New folder\tex/latex/beamer\beamerinnerthemedefault.sty
\beamer@dima=\dimen300
\beamer@dimb=\dimen301
)
(D:\New folder\tex/latex/beamer\beamerouterthemedefault.sty)))
(D:\New folder\tex/latex/pgf/frontendlayer\tikz.sty
(D:\New folder\tex/latex/pgf/basiclayer\pgf.sty
Package: pgf 2025-08-29 v3.1.11a (3.1.11a)

(D:\New folder\tex/generic/pgf/modules\pgfmoduleshapes.code.tex
File: pgfmoduleshapes.code.tex 2025-08-29 v3.1.11a (3.1.11a)
\pgfnodeparttextbox=\box78
)
(D:\New folder\tex/generic/pgf/modules\pgfmoduleplot.code.tex
File: pgfmoduleplot.code.tex 2025-08-29 v3.1.11a (3.1.11a)
)
(D:\New folder\tex/latex/pgf/compatibility\pgfcomp-version-0-65.sty
Package: pgfcomp-version-0-65 2025-08-29 v3.1.11a (3.1.11a)
\pgf@nodesepstart=\dimen302
\pgf@nodesepend=\dimen303
)
(D:\New folder\tex/latex/pgf/compatibility\pgfcomp-version-1-18.sty
Package: pgfcomp-version-1-18 2025-08-29 v3.1.11a (3.1.11a)
))
(D:\New folder\tex/latex/pgf/utilities\pgffor.sty
(D:\New folder\tex/generic/pgf/utilities\pgffor.code.tex
Package: pgffor 2025-08-29 v3.1.11a (3.1.11a)
\pgffor@iter=\dimen304
\pgffor@skip=\dimen305
\pgffor@stack=\toks46
\pgffor@toks=\toks47
))
(D:\New folder\tex/generic/pgf/frontendlayer/tikz\tikz.code.tex
Package: tikz 2025-08-29 v3.1.11a (3.1.11a)

(D:\New folder\tex/generic/pgf/libraries\pgflibraryplothandlers.code.tex
File: pgflibraryplothandlers.code.tex 2025-08-29 v3.1.11a (3.1.11a)
\pgf@plot@mark@count=\count358
\pgfplotmarksize=\dimen306
)
\tikz@lastx=\dimen307
\tikz@lasty=\dimen308
\tikz@lastxsaved=\dimen309
\tikz@lastysaved=\dimen310
\tikz@lastmovetox=\dimen311
\tikz@lastmovetoy=\dimen312
\tikzleveldistance=\dimen313
\tikzsiblingdistance=\dimen314
\tikz@figbox=\box79
\tikz@figbox@bg=\box80
\tikz@tempbox=\box81
\tikz@tempbox@bg=\box82
\tikztreelevel=\count359
\tikznumberofchildren=\count360
\tikznumberofcurrentchild=\count361
\tikz@fig@count=\count362

(D:\New folder\tex/generic/pgf/modules\pgfmodulematrix.code.tex
File: pgfmodulematrix.code.tex 2025-08-29 v3.1.11a (3.1.11a)
\pgfmatrixcurrentrow=\count363
\pgfmatrixcurrentcolumn=\count364
\pgf@matrix@numberofcolumns=\count365
)
\tikz@expandcount=\count366

(D:\New folder\tex/generic/pgf/frontendlayer/tikz/libraries\tikzlibrarytopaths.
code.tex
File: tikzlibrarytopaths.code.tex 2025-08-29 v3.1.11a (3.1.11a)
))) (D:\New folder\tex/latex/newtx\newtxtext.sty
Package: newtxtext 2024/04/01 v1.744(Michael Sharpe) latex and unicode latex su
pport for TeXGyreTermesX

`newtxtext' v1.744, 2024/04/01 Text macros taking advantage of TeXGyre Termes a
nd its extensions (msharpe) (D:\New folder\tex/latex/xpatch\xpatch.sty
(D:\New folder\tex/latex/l3kernel\expl3.sty
Package: expl3 2025-12-24 L3 programming layer (loader) 

(D:\New folder\tex/latex/l3backend\l3backend-pdftex.def
File: l3backend-pdftex.def 2025-10-09 L3 backend support: PDF output (pdfTeX)
\l__color_backend_stack_int=\count367
))
Package: xpatch 2020/03/25 v0.3a Extending etoolbox patching commands

(D:\New folder\tex/latex/l3packages/xparse\xparse.sty
Package: xparse 2025-10-09 L3 Experimental document command parser
))
(D:\New folder\tex/latex/xkeyval\xkeyval.sty
Package: xkeyval 2022/06/16 v2.9 package option processing (HA)

(D:\New folder\tex/generic/xkeyval\xkeyval.tex
(D:\New folder\tex/generic/xkeyval\xkvutils.tex
\XKV@toks=\toks48
\XKV@tempa@toks=\toks49
)
\XKV@depth=\count368
File: xkeyval.tex 2014/12/03 v2.7a key=value parser (HA)
))
(D:\New folder\tex/latex/base\textcomp.sty
Package: textcomp 2024/04/24 v2.1b Standard LaTeX package
)
(D:\New folder\tex/latex/xstring\xstring.sty
(D:\New folder\tex/generic/xstring\xstring.tex
\xs_counta=\count369
\xs_countb=\count370
)
Package: xstring 2023/08/22 v1.86 String manipulations (CT)
)
(D:\New folder\tex/latex/base\ifthen.sty
Package: ifthen 2024/03/16 v1.1e Standard LaTeX ifthen package (DPC)
)
(D:\New folder\tex/latex/carlisle\scalefnt.sty)
LaTeX Font Info:    Setting ntxLF sub-encoding to TS1/0 on input line 24.
LaTeX Font Info:    Setting ntxTLF sub-encoding to TS1/0 on input line 24.
LaTeX Font Info:    Setting ntxOsF sub-encoding to TS1/0 on input line 24.
LaTeX Font Info:    Setting ntxTOsF sub-encoding to TS1/0 on input line 24.

(D:\New folder\tex/generic/binhex\binhex.tex)
\ntx@tmpcnta=\count371
\ntx@cnt=\count372

(D:\New folder\tex/latex/fontaxes\fontaxes.sty
Package: fontaxes 2026-01-02 v2.0.2 Font selection axes (deprecated)
Applying: [2024-11-01] Use figureversions if present on input line 74.

(D:\New folder\tex/latex/figureversions\figureversions.sty
Package: figureversions 2025-04-29 v1.0.1 Figure versions
)
Already applied: [0000-00-00] Fall back to v1 on input line 76.
)
\tx@sixem=\dimen315
\tx@y=\dimen316
\tx@x=\dimen317
\tx@tmpdima=\dimen318
\tx@tmpdimb=\dimen319
\tx@tmpdimc=\dimen320
\tx@tmpdimd=\dimen321
\tx@tmpdime=\dimen322
\tx@tmpdimf=\dimen323
\tx@dimA=\dimen324
\tx@dimAA=\dimen325
\tx@dimB=\dimen326
\tx@dimBB=\dimen327
\tx@dimC=\dimen328
LaTeX Info: Redefining \oldstylenums on input line 902.
)
(D:\New folder\tex/latex/ragged2e\ragged2e.sty
Package: ragged2e 2023/06/22 v3.6 ragged2e Package
\CenteringLeftskip=\skip67
\RaggedLeftLeftskip=\skip68
\RaggedRightLeftskip=\skip69
\CenteringRightskip=\skip70
\RaggedLeftRightskip=\skip71
\RaggedRightRightskip=\skip72
\CenteringParfillskip=\skip73
\RaggedLeftParfillskip=\skip74
\RaggedRightParfillskip=\skip75
\JustifyingParfillskip=\skip76
\CenteringParindent=\skip77
\RaggedLeftParindent=\skip78
\RaggedRightParindent=\skip79
\JustifyingParindent=\skip80
)
LaTeX Font Info:    Trying to load font information for OT1+ntxtlf on input lin
e 57.

(D:\New folder\tex/latex/newtx\ot1ntxtlf.fd
File: ot1ntxtlf.fd 2021/05/24 v1.0 font definition file for OT1/ntx/tlf
)
LaTeX Font Info:    Font shape `OT1/ntxtlf/m/n' will be
(Font)              scaled to size 10.0pt on input line 57.
 (main.aux)
\openout1 = `main.aux'.

LaTeX Font Info:    Checking defaults for OML/cmm/m/it on input line 57.
LaTeX Font Info:    ... okay on input line 57.
LaTeX Font Info:    Checking defaults for OMS/cmsy/m/n on input line 57.
LaTeX Font Info:    ... okay on input line 57.
LaTeX Font Info:    Checking defaults for OT1/cmr/m/n on input line 57.
LaTeX Font Info:    ... okay on input line 57.
LaTeX Font Info:    Checking defaults for T1/cmr/m/n on input line 57.
LaTeX Font Info:    ... okay on input line 57.
LaTeX Font Info:    Checking defaults for TS1/cmr/m/n on input line 57.
LaTeX Font Info:    ... okay on input line 57.
LaTeX Font Info:    Checking defaults for OMX/cmex/m/n on input line 57.
LaTeX Font Info:    ... okay on input line 57.
LaTeX Font Info:    Checking defaults for U/cmr/m/n on input line 57.
LaTeX Font Info:    ... okay on input line 57.
LaTeX Font Info:    Checking defaults for PD1/pdf/m/n on input line 57.
LaTeX Font Info:    ... okay on input line 57.
LaTeX Font Info:    Checking defaults for PU/pdf/m/n on input line 57.
LaTeX Font Info:    ... okay on input line 57.

*geometry* driver: auto-detecting
*geometry* detected driver: pdftex
*geometry* verbose mode - [ preamble ] result:
* driver: pdftex
* paper: custom
* layout: <same size as paper>
* layoutoffset:(h,v)=(0.0pt,0.0pt)
* modes: includehead includefoot 
* h-part:(L,W,R)=(28.45274pt, 398.3386pt, 28.45274pt)
* v-part:(T,H,B)=(0.0pt, 256.0748pt, 0.0pt)
* \paperwidth=455.24408pt
* \paperheight=256.0748pt
* \textwidth=398.3386pt
* \textheight=227.62207pt
* \oddsidemargin=-43.81725pt
* \evensidemargin=-43.81725pt
* \topmargin=-72.26999pt
* \headheight=14.22636pt
* \headsep=0.0pt
* \topskip=10.0pt
* \footskip=14.22636pt
* \marginparwidth=3.0pt
* \marginparsep=11.0pt
* \columnsep=10.0pt
* \skip\footins=9.0pt plus 4.0pt minus 2.0pt
* \hoffset=0.0pt
* \voffset=0.0pt
* \mag=1000
* \@twocolumnfalse
* \@twosidefalse
* \@mparswitchfalse
* \@reversemarginfalse
* (1in=72.27pt=25.4mm, 1cm=28.453pt)

(D:\New folder\tex/context/base/mkii\supp-pdf.mkii
[Loading MPS to PDF converter (version 2006.09.02).]
\scratchcounter=\count373
\scratchdimen=\dimen329
\scratchbox=\box83
\nofMPsegments=\count374
\nofMParguments=\count375
\everyMPshowfont=\toks50
\MPscratchCnt=\count376
\MPscratchDim=\dimen330
\MPnumerator=\count377
\makeMPintoPDFobject=\count378
\everyMPtoPDFconversion=\toks51
) (D:\New folder\tex/latex/epstopdf-pkg\epstopdf-base.sty
Package: epstopdf-base 2020-01-24 v2.11 Base part for package epstopdf
Package epstopdf-base Info: Redefining graphics rule for `.eps' on input line 4
85.

(D:\New folder\tex/latex/00miktex\epstopdf-sys.cfg
File: epstopdf-sys.cfg 2021/03/18 v2.0 Configuration of epstopdf for MiKTeX
))
Package hyperref Info: Link coloring OFF on input line 57.
 (main.out) (main.out)
\@outlinefile=\write5
\openout5 = `main.out'.

LaTeX Font Info:    Overwriting symbol font `operators' in version `normal'
(Font)                  OT1/cmr/m/n --> OT1/cmss/m/n on input line 57.
LaTeX Font Info:    Overwriting symbol font `operators' in version `bold'
(Font)                  OT1/cmr/bx/n --> OT1/cmss/b/n on input line 57.
\symnumbers=\mathgroup6
\sympureletters=\mathgroup7
LaTeX Font Info:    Overwriting math alphabet `\mathrm' in version `normal'
(Font)                  OT1/cmss/m/n --> OT1/ntxtlf/m/n on input line 57.
LaTeX Font Info:    Redeclaring math alphabet \mathbf on input line 57.
LaTeX Font Info:    Overwriting math alphabet `\mathbf' in version `normal'
(Font)                  OT1/cmr/bx/n --> OT1/qhv/b/n on input line 57.
LaTeX Font Info:    Overwriting math alphabet `\mathbf' in version `bold'
(Font)                  OT1/cmr/bx/n --> OT1/qhv/b/n on input line 57.
LaTeX Font Info:    Redeclaring math alphabet \mathsf on input line 57.
LaTeX Font Info:    Overwriting math alphabet `\mathsf' in version `normal'
(Font)                  OT1/cmss/m/n --> OT1/qhv/m/n on input line 57.
LaTeX Font Info:    Overwriting math alphabet `\mathsf' in version `bold'
(Font)                  OT1/cmss/bx/n --> OT1/qhv/m/n on input line 57.
LaTeX Font Info:    Redeclaring math alphabet \mathit on input line 57.
LaTeX Font Info:    Overwriting math alphabet `\mathit' in version `normal'
(Font)                  OT1/cmr/m/it --> OT1/qhv/m/it on input line 57.
LaTeX Font Info:    Overwriting math alphabet `\mathit' in version `bold'
(Font)                  OT1/cmr/bx/it --> OT1/qhv/m/it on input line 57.
LaTeX Font Info:    Redeclaring math alphabet \mathtt on input line 57.
LaTeX Font Info:    Overwriting math alphabet `\mathtt' in version `normal'
(Font)                  OT1/cmtt/m/n --> OT1/ntxtt/m/n on input line 57.
LaTeX Font Info:    Overwriting math alphabet `\mathtt' in version `bold'
(Font)                  OT1/cmtt/m/n --> OT1/ntxtt/m/n on input line 57.
LaTeX Font Info:    Overwriting symbol font `numbers' in version `bold'
(Font)                  OT1/qhv/m/n --> OT1/qhv/b/n on input line 57.
LaTeX Font Info:    Overwriting symbol font `pureletters' in version `bold'
(Font)                  OT1/qhv/m/it --> OT1/qhv/b/it on input line 57.
LaTeX Font Info:    Overwriting math alphabet `\mathrm' in version `bold'
(Font)                  OT1/cmss/b/n --> OT1/ntxtlf/b/n on input line 57.
LaTeX Font Info:    Overwriting math alphabet `\mathbf' in version `bold'
(Font)                  OT1/qhv/b/n --> OT1/qhv/b/n on input line 57.
LaTeX Font Info:    Overwriting math alphabet `\mathsf' in version `bold'
(Font)                  OT1/qhv/m/n --> OT1/qhv/b/n on input line 57.
LaTeX Font Info:    Overwriting math alphabet `\mathit' in version `bold'
(Font)                  OT1/qhv/m/it --> OT1/qhv/b/it on input line 57.
LaTeX Font Info:    Overwriting math alphabet `\mathtt' in version `bold'
(Font)                  OT1/ntxtt/m/n --> OT1/ntxtt/b/n on input line 57.

(D:\New folder\tex/latex/translator\translator-basic-dictionary-English.dict
Dictionary: translator-basic-dictionary, Language: English 
)
(D:\New folder\tex/latex/translator\translator-bibliography-dictionary-English.
dict
Dictionary: translator-bibliography-dictionary, Language: English 
)
(D:\New folder\tex/latex/translator\translator-environment-dictionary-English.d
ict
Dictionary: translator-environment-dictionary, Language: English 
)
(D:\New folder\tex/latex/translator\translator-months-dictionary-English.dict
Dictionary: translator-months-dictionary, Language: English 
)
(D:\New folder\tex/latex/translator\translator-numbers-dictionary-English.dict
Dictionary: translator-numbers-dictionary, Language: English 
) (D:\New folder\tex/latex/translator\translator-theorem-dictionary-English.dic
t
Dictionary: translator-theorem-dictionary, Language: English 
)
\c@mv@tabular=\count379
\c@mv@boldtabular=\count380
 (main.nav)
LaTeX Font Info:    Font shape `OT1/ntxtlf/m/n' will be
(Font)              scaled to size 5.0pt on input line 57.
<city-background.jpg, id=12, 246.6816pt x 154.176pt>
File: city-background.jpg Graphic file (type jpg)
<use city-background.jpg>
Package pdftex.def Info: city-background.jpg  used on input line 158.
(pdftex.def)             Requested size: 455.28856pt x 256.10614pt.
LaTeX Font Info:    Font shape `OT1/ntxtlf/m/n' will be
(Font)              scaled to size 30.0pt on input line 158.
LaTeX Font Info:    Font shape `OT1/ntxtlf/b/n' will be
(Font)              scaled to size 30.0pt on input line 158.
LaTeX Font Info:    Font shape `OT1/ntxtlf/m/n' will be
(Font)              scaled to size 20.0pt on input line 158.
LaTeX Font Info:    Font shape `OT1/ntxtlf/b/n' will be
(Font)              scaled to size 20.0pt on input line 158.
LaTeX Font Info:    Font shape `OT1/ntxtlf/m/n' will be
(Font)              scaled to size 11.0pt on input line 158.
LaTeX Font Info:    Font shape `OT1/ntxtlf/m/n' will be
(Font)              scaled to size 10.5pt on input line 158.
LaTeX Font Info:    Font shape `OT1/ntxtlf/b/n' will be
(Font)              scaled to size 10.5pt on input line 158.
 [1

{C:/Users/samsung/AppData/Local/MiKTeX/fonts/map/pdftex/pdftex.map}{D:/New fold
er/fonts/enc/dvips/newtx/ntx-ot1-tlf.enc} <./city-background.jpg>]
<121.png, id=21, 1678.27pt x 944.52875pt>
File: 121.png Graphic file (type png)
<use 121.png>
Package pdftex.def Info: 121.png  used on input line 321.
(pdftex.def)             Requested size: 455.23885pt x 256.07826pt.
LaTeX Font Info:    Font shape `OT1/ntxtlf/m/n' will be
(Font)              scaled to size 16.0pt on input line 321.
LaTeX Font Info:    Font shape `OT1/ntxtlf/b/n' will be
(Font)              scaled to size 16.0pt on input line 321.
LaTeX Font Info:    Font shape `OT1/ntxtlf/b/n' will be
(Font)              scaled to size 11.0pt on input line 321.
LaTeX Font Info:    Font shape `OT1/ntxtlf/m/n' will be
(Font)              scaled to size 13.0pt on input line 321.
LaTeX Font Info:    Font shape `OT1/ntxtlf/b/n' will be
(Font)              scaled to size 13.0pt on input line 321.
 [2

 <./121.png (PNG copy)>]
File: 121.png Graphic file (type png)
<use 121.png>
Package pdftex.def Info: 121.png  used on input line 432.
(pdftex.def)             Requested size: 455.23885pt x 256.07826pt.
LaTeX Font Info:    Font shape `OT1/ntxtlf/m/n' will be
(Font)              scaled to size 18.0pt on input line 432.
LaTeX Font Info:    Font shape `OT1/ntxtlf/b/n' will be
(Font)              scaled to size 18.0pt on input line 432.
<iot-architecture.png, id=27, 409.53pt x 614.295pt>
File: iot-architecture.png Graphic file (type png)
<use iot-architecture.png>
Package pdftex.def Info: iot-architecture.png  used on input line 432.
(pdftex.def)             Requested size: 128.03404pt x 192.05107pt.
LaTeX Font Info:    Font shape `OT1/ntxtlf/m/n' will be
(Font)              scaled to size 8.5pt on input line 432.
 [3

 <./iot-architecture.png (PNG copy)>]
File: 121.png Graphic file (type png)
<use 121.png>
Package pdftex.def Info: 121.png  used on input line 734.
(pdftex.def)             Requested size: 455.23885pt x 256.07826pt.
LaTeX Font Info:    Font shape `OT1/ntxtlf/m/n' will be
(Font)              scaled to size 14.0pt on input line 734.
LaTeX Font Info:    Font shape `OT1/ntxtlf/b/n' will be
(Font)              scaled to size 14.0pt on input line 734.
LaTeX Font Info:    Font shape `OT1/ntxtlf/b/n' will be
(Font)              scaled to size 10.0pt on input line 734.
LaTeX Font Info:    Font shape `OT1/ntxtlf/m/n' will be
(Font)              scaled to size 8.0pt on input line 734.
 [4

]
File: 121.png Graphic file (type png)
<use 121.png>
Package pdftex.def Info: 121.png  used on input line 950.
(pdftex.def)             Requested size: 455.23885pt x 256.07826pt.
<iot_data_pic.png, id=38, 1541.76pt x 1027.84pt>
File: iot_data_pic.png Graphic file (type png)
<use iot_data_pic.png>
Package pdftex.def Info: iot_data_pic.png  used on input line 950.
(pdftex.def)             Requested size: 187.7792pt x 125.18613pt.
LaTeX Font Info:    Font shape `OT1/ntxtlf/m/n' will be
(Font)              scaled to size 9.5pt on input line 950.
LaTeX Font Info:    Font shape `OT1/ntxtlf/b/n' will be
(Font)              scaled to size 9.5pt on input line 950.

[5

 <./iot_data_pic.png (PNG copy)>]
File: 121.png Graphic file (type png)
<use 121.png>
Package pdftex.def Info: 121.png  used on input line 1078.
(pdftex.def)             Requested size: 455.23885pt x 256.07826pt.
LaTeX Font Info:    Calculating math sizes for size <9.5> on input line 1078.


LaTeX Font Warning: Font shape `OT1/cmss/m/n' in size <9.5> not available
(Font)              size <9> substituted on input line 1078.


LaTeX Font Warning: Font shape `OML/cmm/m/it' in size <9.5> not available
(Font)              size <9> substituted on input line 1078.


LaTeX Font Warning: Font shape `OMS/cmsy/m/n' in size <9.5> not available
(Font)              size <9> substituted on input line 1078.

LaTeX Font Info:    Trying to load font information for U+msa on input line 107
8.
(D:\New folder\tex/latex/amsfonts\umsa.fd
File: umsa.fd 2013/01/14 v3.01 AMS symbols A
)
LaTeX Font Info:    Trying to load font information for U+msb on input line 107
8.

(D:\New folder\tex/latex/amsfonts\umsb.fd
File: umsb.fd 2013/01/14 v3.01 AMS symbols B
)
LaTeX Font Info:    Trying to load font information for OT1+qhv on input line 1
078.

(D:\New folder\tex/latex/tex-gyre\ot1qhv.fd
File: ot1qhv.fd 2009/09/25 v1.2 font definition file for OT1/qhv
)
LaTeX Font Info:    Font shape `OT1/qhv/m/n' will be
(Font)              scaled to size 8.93002pt on input line 1078.
LaTeX Font Info:    Font shape `OT1/qhv/m/n' will be
(Font)              scaled to size 6.25098pt on input line 1078.
LaTeX Font Info:    Font shape `OT1/qhv/m/n' will be
(Font)              scaled to size 4.46501pt on input line 1078.
LaTeX Font Info:    Font shape `OT1/qhv/m/it' will be
(Font)              scaled to size 8.93002pt on input line 1078.
LaTeX Font Info:    Font shape `OT1/qhv/m/it' will be
(Font)              scaled to size 6.25098pt on input line 1078.
LaTeX Font Info:    Font shape `OT1/qhv/m/it' will be
(Font)              scaled to size 4.46501pt on input line 1078.
LaTeX Font Info:    Font shape `OT1/qhv/m/n' will be
(Font)              scaled to size 9.40002pt on input line 1078.
LaTeX Font Info:    Font shape `OT1/qhv/m/n' will be
(Font)              scaled to size 6.58002pt on input line 1078.
LaTeX Font Info:    Font shape `OT1/qhv/m/n' will be
(Font)              scaled to size 4.70001pt on input line 1078.
LaTeX Font Info:    Font shape `OT1/qhv/m/it' will be
(Font)              scaled to size 9.40002pt on input line 1078.
LaTeX Font Info:    Font shape `OT1/qhv/m/it' will be
(Font)              scaled to size 6.58002pt on input line 1078.
LaTeX Font Info:    Font shape `OT1/qhv/m/it' will be
(Font)              scaled to size 4.70001pt on input line 1078.
LaTeX Font Info:    Font shape `OT1/ntxtlf/m/n' will be
(Font)              scaled to size 9.0pt on input line 1078.
LaTeX Font Info:    Font shape `OT1/ntxtlf/b/n' will be
(Font)              scaled to size 9.0pt on input line 1078.
 [6

]
File: 121.png Graphic file (type png)
<use 121.png>
Package pdftex.def Info: 121.png  used on input line 1234.
(pdftex.def)             Requested size: 455.23885pt x 256.07826pt.
LaTeX Font Info:    Font shape `OT1/qhv/m/n' will be
(Font)              scaled to size 8.46002pt on input line 1234.
LaTeX Font Info:    Font shape `OT1/qhv/m/n' will be
(Font)              scaled to size 5.64001pt on input line 1234.
LaTeX Font Info:    Font shape `OT1/qhv/m/it' will be
(Font)              scaled to size 8.46002pt on input line 1234.
LaTeX Font Info:    Font shape `OT1/qhv/m/it' will be
(Font)              scaled to size 5.64001pt on input line 1234.
 [7

]
File: 121.png Graphic file (type png)
<use 121.png>
Package pdftex.def Info: 121.png  used on input line 1330.
(pdftex.def)             Requested size: 455.23885pt x 256.07826pt.
<Edg_white.png, id=57, 4066.19125pt x 2386.9175pt>
File: Edg_white.png Graphic file (type png)
<use Edg_white.png>
Package pdftex.def Info: Edg_white.png  used on input line 1330.
(pdftex.def)             Requested size: 300.48395pt x 176.38875pt.
 [8

 <./Edg_white.png (PNG copy)>]
File: 121.png Graphic file (type png)
<use 121.png>
Package pdftex.def Info: 121.png  used on input line 1485.
(pdftex.def)             Requested size: 455.23885pt x 256.07826pt.
LaTeX Font Info:    Font shape `OT1/ntxtlf/m/n' will be
(Font)              scaled to size 12.0pt on input line 1485.
LaTeX Font Info:    Font shape `OT1/ntxtlf/b/n' will be
(Font)              scaled to size 12.0pt on input line 1485.
 [9

]
File: 121.png Graphic file (type png)
<use 121.png>
Package pdftex.def Info: 121.png  used on input line 1638.
(pdftex.def)             Requested size: 455.23885pt x 256.07826pt.
 [10

]
File: 121.png Graphic file (type png)
<use 121.png>
Package pdftex.def Info: 121.png  used on input line 1790.
(pdftex.def)             Requested size: 455.23885pt x 256.07826pt.
LaTeX Font Info:    Font shape `OT1/ntxtlf/b/n' will be
(Font)              scaled to size 8.5pt on input line 1790.
 [11

]
File: 121.png Graphic file (type png)
<use 121.png>
Package pdftex.def Info: 121.png  used on input line 1946.
(pdftex.def)             Requested size: 455.23885pt x 256.07826pt.
LaTeX Font Info:    Calculating math sizes for size <8.5> on input line 1946.


LaTeX Font Warning: Font shape `OT1/cmss/m/n' in size <8.5> not available
(Font)              size <8> substituted on input line 1946.


LaTeX Font Warning: Font shape `OML/cmm/m/it' in size <8.5> not available
(Font)              size <8> substituted on input line 1946.


LaTeX Font Warning: Font shape `OML/cmm/m/it' in size <4.25> not available
(Font)              size <5> substituted on input line 1946.


LaTeX Font Warning: Font shape `OMS/cmsy/m/n' in size <8.5> not available
(Font)              size <8> substituted on input line 1946.


LaTeX Font Warning: Font shape `OMS/cmsy/m/n' in size <4.25> not available
(Font)              size <5> substituted on input line 1946.

LaTeX Font Info:    Font shape `OT1/qhv/m/n' will be
(Font)              scaled to size 7.99002pt on input line 1946.
LaTeX Font Info:    Font shape `OT1/qhv/m/n' will be
(Font)              scaled to size 5.59297pt on input line 1946.
LaTeX Font Info:    Font shape `OT1/qhv/m/n' will be
(Font)              scaled to size 3.99501pt on input line 1946.
LaTeX Font Info:    Font shape `OT1/qhv/m/it' will be
(Font)              scaled to size 7.99002pt on input line 1946.
LaTeX Font Info:    Font shape `OT1/qhv/m/it' will be
(Font)              scaled to size 5.59297pt on input line 1946.
LaTeX Font Info:    Font shape `OT1/qhv/m/it' will be
(Font)              scaled to size 3.99501pt on input line 1946.
<edge_ai_av_pipeline_cropped.png, id=78, 2452.16125pt x 558.085pt>
File: edge_ai_av_pipeline_cropped.png Graphic file (type png)
<use edge_ai_av_pipeline_cropped.png>
Package pdftex.def Info: edge_ai_av_pipeline_cropped.png  used on input line 19
46.
(pdftex.def)             Requested size: 227.60712pt x 51.80087pt.
LaTeX Font Info:    Font shape `OT1/ntxtlf/b/n' will be
(Font)              scaled to size 8.0pt on input line 1946.
LaTeX Font Info:    Font shape `OT1/qhv/m/n' will be
(Font)              scaled to size 7.52002pt on input line 1946.
LaTeX Font Info:    Font shape `OT1/qhv/m/it' will be
(Font)              scaled to size 7.52002pt on input line 1946.
[12

 <./edge_ai_av_pipeline_cropped.png>]
File: 121.png Graphic file (type png)
<use 121.png>
Package pdftex.def Info: 121.png  used on input line 2179.
(pdftex.def)             Requested size: 455.23885pt x 256.07826pt.
LaTeX Font Info:    Font shape `OT1/ntxtlf/m/n' will be
(Font)              scaled to size 8.2pt on input line 2179.
LaTeX Font Info:    Font shape `OT1/ntxtlf/m/n' will be
(Font)              scaled to size 7.8pt on input line 2179.
LaTeX Font Info:    Calculating math sizes for size <7.8> on input line 2179.


LaTeX Font Warning: Font shape `OT1/cmss/m/n' in size <5.45998> not available
(Font)              size <5> substituted on input line 2179.


LaTeX Font Warning: Font shape `OML/cmm/m/it' in size <5.45998> not available
(Font)              size <5> substituted on input line 2179.


LaTeX Font Warning: Font shape `OML/cmm/m/it' in size <3.9> not available
(Font)              size <5> substituted on input line 2179.


LaTeX Font Warning: Font shape `OMS/cmsy/m/n' in size <5.45998> not available
(Font)              size <5> substituted on input line 2179.


LaTeX Font Warning: Font shape `OMS/cmsy/m/n' in size <3.9> not available
(Font)              size <5> substituted on input line 2179.

LaTeX Font Info:    Font shape `OT1/qhv/m/n' will be
(Font)              scaled to size 7.33202pt on input line 2179.
LaTeX Font Info:    Font shape `OT1/qhv/m/n' will be
(Font)              scaled to size 5.13239pt on input line 2179.
LaTeX Font Info:    Font shape `OT1/qhv/m/n' will be
(Font)              scaled to size 3.666pt on input line 2179.
LaTeX Font Info:    Font shape `OT1/qhv/m/it' will be
(Font)              scaled to size 7.33202pt on input line 2179.
LaTeX Font Info:    Font shape `OT1/qhv/m/it' will be
(Font)              scaled to size 5.13239pt on input line 2179.
LaTeX Font Info:    Font shape `OT1/qhv/m/it' will be
(Font)              scaled to size 3.666pt on input line 2179.
[13

{D:/New folder/fonts/enc/dvips/tex-gyre/q-rm.enc}]
File: 121.png Graphic file (type png)
<use 121.png>
Package pdftex.def Info: 121.png  used on input line 2274.
(pdftex.def)             Requested size: 455.23885pt x 256.07826pt.
 [14

]
File: 121.png Graphic file (type png)
<use 121.png>
Package pdftex.def Info: 121.png  used on input line 2387.
(pdftex.def)             Requested size: 455.23885pt x 256.07826pt.
 [15

]
File: 121.png Graphic file (type png)
<use 121.png>
Package pdftex.def Info: 121.png  used on input line 2483.
(pdftex.def)             Requested size: 455.23885pt x 256.07826pt.
 [16

]
File: 121.png Graphic file (type png)
<use 121.png>
Package pdftex.def Info: 121.png  used on input line 2597.
(pdftex.def)             Requested size: 455.23885pt x 256.07826pt.
 [17

]
File: 121.png Graphic file (type png)
<use 121.png>
Package pdftex.def Info: 121.png  used on input line 2715.
(pdftex.def)             Requested size: 455.23885pt x 256.07826pt.

[18

]
File: 121.png Graphic file (type png)
<use 121.png>
Package pdftex.def Info: 121.png  used on input line 2854.
(pdftex.def)             Requested size: 455.23885pt x 256.07826pt.
 [19

]
File: 121.png Graphic file (type png)
<use 121.png>
Package pdftex.def Info: 121.png  used on input line 2953.
(pdftex.def)             Requested size: 455.23885pt x 256.07826pt.
LaTeX Font Info:    Font shape `OT1/ntxtlf/m/it' will be
(Font)              scaled to size 8.5pt on input line 2953.
 [20

]
File: 121.png Graphic file (type png)
<use 121.png>
Package pdftex.def Info: 121.png  used on input line 3010.
(pdftex.def)             Requested size: 455.23885pt x 256.07826pt.
LaTeX Font Info:    Font shape `OT1/ntxtlf/b/n' will be
(Font)              scaled to size 8.2pt on input line 3010.
<rl_model_pic.png, id=133, 1541.76pt x 1027.84pt>
File: rl_model_pic.png Graphic file (type png)
<use rl_model_pic.png>
Package pdftex.def Info: rl_model_pic.png  used on input line 3010.
(pdftex.def)             Requested size: 219.79718pt x 146.53145pt.
 [21

 <./rl_model_pic.png (PNG copy)>]
File: 121.png Graphic file (type png)
<use 121.png>
Package pdftex.def Info: 121.png  used on input line 3044.
(pdftex.def)             Requested size: 455.23885pt x 256.07826pt.
<rl_edge_workflow_infographic.png, id=139, 1541.76pt x 1027.84pt>
File: rl_edge_workflow_infographic.png Graphic file (type png)
<use rl_edge_workflow_infographic.png>
Package pdftex.def Info: rl_edge_workflow_infographic.png  used on input line 3
044.
(pdftex.def)             Requested size: 409.7172pt x 179.24734pt.
 [22

 <./rl_edge_workflow_infographic.png (PNG copy)>]
File: 121.png Graphic file (type png)
<use 121.png>
Package pdftex.def Info: 121.png  used on input line 3196.
(pdftex.def)             Requested size: 455.23885pt x 256.07826pt.
LaTeX Font Info:    Font shape `OT1/ntxtlf/m/n' will be
(Font)              scaled to size 7.2pt on input line 3196.
LaTeX Font Info:    Font shape `OT1/ntxtlf/b/n' will be
(Font)              scaled to size 7.2pt on input line 3196.
 [23

]
File: 121.png Graphic file (type png)
<use 121.png>
Package pdftex.def Info: 121.png  used on input line 3389.
(pdftex.def)             Requested size: 455.23885pt x 256.07826pt.
LaTeX Font Info:    Calculating math sizes for size <18> on input line 3389.


LaTeX Font Warning: Font shape `OT1/cmss/m/n' in size <18> not available
(Font)              size <17.28> substituted on input line 3389.


LaTeX Font Warning: Font shape `OT1/cmss/m/n' in size <12.59995> not available
(Font)              size <12> substituted on input line 3389.


LaTeX Font Warning: Font shape `OML/cmm/m/it' in size <18> not available
(Font)              size <17.28> substituted on input line 3389.


LaTeX Font Warning: Font shape `OML/cmm/m/it' in size <12.59995> not available
(Font)              size <12> substituted on input line 3389.


LaTeX Font Warning: Font shape `OMS/cmsy/m/n' in size <18> not available
(Font)              size <17.28> substituted on input line 3389.


LaTeX Font Warning: Font shape `OMS/cmsy/m/n' in size <12.59995> not available
(Font)              size <12> substituted on input line 3389.

LaTeX Font Info:    Font shape `OT1/qhv/m/n' will be
(Font)              scaled to size 16.92004pt on input line 3389.
LaTeX Font Info:    Font shape `OT1/qhv/m/n' will be
(Font)              scaled to size 11.84398pt on input line 3389.
LaTeX Font Info:    Font shape `OT1/qhv/m/it' will be
(Font)              scaled to size 16.92004pt on input line 3389.
LaTeX Font Info:    Font shape `OT1/qhv/m/it' will be
(Font)              scaled to size 11.84398pt on input line 3389.
LaTeX Font Info:    Font shape `OT1/ntxtlf/m/n' will be
(Font)              scaled to size 7.5pt on input line 3389.
LaTeX Font Info:    Font shape `OT1/ntxtlf/b/n' will be
(Font)              scaled to size 7.5pt on input line 3389.
LaTeX Font Info:    Calculating math sizes for size <7.5> on input line 3389.

LaTeX Font Warning: Font shape `OT1/cmss/m/n' in size <7.5> not available
(Font)              size <7> substituted on input line 3389.


LaTeX Font Warning: Font shape `OML/cmm/m/it' in size <7.5> not available
(Font)              size <7> substituted on input line 3389.


LaTeX Font Warning: Font shape `OML/cmm/m/it' in size <3.75> not available
(Font)              size <5> substituted on input line 3389.


LaTeX Font Warning: Font shape `OMS/cmsy/m/n' in size <7.5> not available
(Font)              size <7> substituted on input line 3389.


LaTeX Font Warning: Font shape `OMS/cmsy/m/n' in size <3.75> not available
(Font)              size <5> substituted on input line 3389.

LaTeX Font Info:    Font shape `OT1/qhv/m/n' will be
(Font)              scaled to size 7.05002pt on input line 3389.
LaTeX Font Info:    Font shape `OT1/qhv/m/n' will be
(Font)              scaled to size 4.93498pt on input line 3389.
LaTeX Font Info:    Font shape `OT1/qhv/m/n' will be
(Font)              scaled to size 3.52501pt on input line 3389.
LaTeX Font Info:    Font shape `OT1/qhv/m/it' will be
(Font)              scaled to size 7.05002pt on input line 3389.
LaTeX Font Info:    Font shape `OT1/qhv/m/it' will be
(Font)              scaled to size 4.93498pt on input line 3389.
LaTeX Font Info:    Font shape `OT1/qhv/m/it' will be
(Font)              scaled to size 3.52501pt on input line 3389.
[24

]
File: 121.png Graphic file (type png)
<use 121.png>
Package pdftex.def Info: 121.png  used on input line 3497.
(pdftex.def)             Requested size: 455.23885pt x 256.07826pt.
LaTeX Font Info:    Calculating math sizes for size <11> on input line 3497.


LaTeX Font Warning: Font shape `OT1/cmss/m/n' in size <5.5> not available
(Font)              size <5> substituted on input line 3497.


LaTeX Font Warning: Font shape `OML/cmm/m/it' in size <5.5> not available
(Font)              size <5> substituted on input line 3497.


LaTeX Font Warning: Font shape `OMS/cmsy/m/n' in size <5.5> not available
(Font)              size <5> substituted on input line 3497.

LaTeX Font Info:    Font shape `OT1/qhv/m/n' will be
(Font)              scaled to size 10.34003pt on input line 3497.
LaTeX Font Info:    Font shape `OT1/qhv/m/n' will be
(Font)              scaled to size 7.23798pt on input line 3497.
LaTeX Font Info:    Font shape `OT1/qhv/m/n' will be
(Font)              scaled to size 5.17001pt on input line 3497.
LaTeX Font Info:    Font shape `OT1/qhv/m/it' will be
(Font)              scaled to size 10.34003pt on input line 3497.
LaTeX Font Info:    Font shape `OT1/qhv/m/it' will be
(Font)              scaled to size 7.23798pt on input line 3497.
LaTeX Font Info:    Font shape `OT1/qhv/m/it' will be
(Font)              scaled to size 5.17001pt on input line 3497.
[25

]
File: 121.png Graphic file (type png)
<use 121.png>
Package pdftex.def Info: 121.png  used on input line 3601.
(pdftex.def)             Requested size: 455.23885pt x 256.07826pt.
LaTeX Font Info:    Font shape `OT1/ntxtlf/m/it' will be
(Font)              scaled to size 8.0pt on input line 3601.
 [26

]
\tf@nav=\write6
\openout6 = `main.nav'.

\tf@toc=\write7
\openout7 = `main.toc'.

\tf@snm=\write8
\openout8 = `main.snm'.

 (main.aux)
 ***********
LaTeX2e <2025-11-01>
L3 programming layer <2020/03/25>
 ***********


LaTeX Font Warning: Size substitutions with differences
(Font)              up to 1.25pt have occurred.

Package rerunfilecheck Info: File `main.out' has not changed.
(rerunfilecheck)             Checksum: D41D8CD98F00B204E9800998ECF8427E;0.
 ) 
Here is how much of TeX's memory you used:
 26381 strings out of 467872
 508272 string characters out of 5433262
 914950 words of memory out of 5000000
 54604 multiletter control sequences out of 15000+600000
 851176 words of font info for 272 fonts, out of 8000000 for 9000
 1141 hyphenation exceptions out of 8191
 128i,12n,123p,381b,842s stack positions out of 10000i,1000n,20000p,200000b,200000s
<D:/New folder/fonts/type1/public/amsfonts/cm/cmmi8.pfb><D:/New folder/fonts/
type1/public/amsfonts/cm/cmss8.pfb><D:/New folder/fonts/type1/public/amsfonts/c
m/cmsy10.pfb><D:/New folder/fonts/type1/public/amsfonts/cm/cmsy7.pfb><D:/New fo
lder/fonts/type1/public/amsfonts/cm/cmsy8.pfb><D:/New folder/fonts/type1/public
/amsfonts/cm/cmsy9.pfb><D:/New folder/fonts/type1/public/tex-gyre/qhvr.pfb><D:/
New folder/fonts/type1/public/newtx/ztmb.pfb><D:/New folder/fonts/type1/public/
newtx/ztmr.pfb><D:/New folder/fonts/type1/public/newtx/ztmri.pfb>
Output written on main.pdf (26 pages, 7068395 bytes).
PDF statistics:
 224 PDF objects out of 1000 (max. 8388607)
 53 named destinations out of 1000 (max. 500000)
 83 words of extra memory for PDF output out of 10000 (max. 10000000)

